> Task :clean
> Task :extractIncludeProto
> Task :extractProto
> Task :generateProto NO-SOURCE

> Task :compileJava
/home/ubuntu/ltanh/eduCollege/backend/src/main/java/com/educollege/user/model/Student.java:37: error: cannot find symbol
    private Faculty faculty;
            ^
  symbol:   class Faculty
  location: class Student
/home/ubuntu/ltanh/eduCollege/backend/src/main/java/com/educollege/user/model/Student.java:41: error: cannot find symbol
    private Department department;
            ^
  symbol:   class Department
  location: class Student
/home/ubuntu/ltanh/eduCollege/backend/src/main/java/com/educollege/user/model/Student.java:45: error: cannot find symbol
    private ClassGroup classGroup;
            ^
  symbol:   class ClassGroup
  location: class Student
/home/ubuntu/ltanh/eduCollege/backend/src/main/java/com/educollege/user/model/Student.java:37: error: cannot find symbol
    private Faculty faculty;
                    ^
  symbol:   class Faculty
  location: class Student
/home/ubuntu/ltanh/eduCollege/backend/src/main/java/com/educollege/user/model/Student.java:41: error: cannot find symbol
    private Department department;
                       ^
  symbol:   class Department
  location: class Student
/home/ubuntu/ltanh/eduCollege/backend/src/main/java/com/educollege/user/model/Student.java:45: error: cannot find symbol
    private ClassGroup classGroup;
                       ^
  symbol:   class ClassGroup
  location: class Student
/home/ubuntu/ltanh/eduCollege/backend/src/main/java/com/educollege/user/model/Student.java:19: error: cannot find symbol
@Data
^
  symbol:   class Faculty
  location: class Student
/home/ubuntu/ltanh/eduCollege/backend/src/main/java/com/educollege/user/model/Student.java:22: error: cannot find symbol
@AllArgsConstructor
^
  symbol:   class Faculty
  location: class Student
/home/ubuntu/ltanh/eduCollege/backend/src/main/java/com/educollege/user/model/Student.java:20: error: cannot find symbol
@Builder
^
  symbol:   class Faculty
  location: class StudentBuilder
/home/ubuntu/ltanh/eduCollege/backend/src/main/java/com/educollege/user/model/Teacher.java:36: error: cannot find symbol
    private Department department;
            ^
  symbol:   class Department
  location: class Teacher
/home/ubuntu/ltanh/eduCollege/backend/src/main/java/com/educollege/user/model/Teacher.java:36: error: cannot find symbol
    private Department department;
                       ^
  symbol:   class Department
  location: class Teacher
/home/ubuntu/ltanh/eduCollege/backend/src/main/java/com/educollege/user/model/Teacher.java:18: error: cannot find symbol
@Data
^
  symbol:   class Department
  location: class Teacher
/home/ubuntu/ltanh/eduCollege/backend/src/main/java/com/educollege/user/model/Teacher.java:21: error: cannot find symbol
@AllArgsConstructor
^
  symbol:   class Department
  location: class Teacher
/home/ubuntu/ltanh/eduCollege/backend/src/main/java/com/educollege/user/model/Teacher.java:19: error: cannot find symbol
@Builder
^
  symbol:   class Department
  location: class TeacherBuilder
/home/ubuntu/ltanh/eduCollege/backend/src/main/java/com/educollege/academic/model/AdvisingSession.java:29: error: cannot find symbol
    private Student student;
            ^
  symbol:   class Student
  location: class AdvisingSession
/home/ubuntu/ltanh/eduCollege/backend/src/main/java/com/educollege/academic/model/AdvisingSession.java:33: error: cannot find symbol
    private Teacher advisor;
            ^
  symbol:   class Teacher
  location: class AdvisingSession
/home/ubuntu/ltanh/eduCollege/backend/src/main/java/com/educollege/academic/model/AdvisingSession.java:29: error: cannot find symbol
    private Student student;
                    ^
  symbol:   class Student
  location: class AdvisingSession
/home/ubuntu/ltanh/eduCollege/backend/src/main/java/com/educollege/academic/model/AdvisingSession.java:33: error: cannot find symbol
    private Teacher advisor;
                    ^
  symbol:   class Teacher
  location: class AdvisingSession
/home/ubuntu/ltanh/eduCollege/backend/src/main/java/com/educollege/academic/model/AdvisingSession.java:17: error: cannot find symbol
@Data
^
  symbol:   class Student
  location: class AdvisingSession
/home/ubuntu/ltanh/eduCollege/backend/src/main/java/com/educollege/academic/model/AdvisingSession.java:20: error: cannot find symbol
@AllArgsConstructor
^
  symbol:   class Student
  location: class AdvisingSession
/home/ubuntu/ltanh/eduCollege/backend/src/main/java/com/educollege/academic/model/AdvisingSession.java:18: error: cannot find symbol
@Builder
^
  symbol:   class Student
  location: class AdvisingSessionBuilder
/home/ubuntu/ltanh/eduCollege/backend/src/main/java/com/educollege/academic/model/CourseOffering.java:39: error: cannot find symbol
    private Teacher teacher;
            ^
  symbol:   class Teacher
  location: class CourseOffering
/home/ubuntu/ltanh/eduCollege/backend/src/main/java/com/educollege/academic/model/CourseOffering.java:39: error: cannot find symbol
    private Teacher teacher;
                    ^
  symbol:   class Teacher
  location: class CourseOffering
/home/ubuntu/ltanh/eduCollege/backend/src/main/java/com/educollege/academic/model/CourseOffering.java:19: error: cannot find symbol
@Data
^
  symbol:   class Teacher
  location: class CourseOffering
/home/ubuntu/ltanh/eduCollege/backend/src/main/java/com/educollege/academic/model/CourseOffering.java:22: error: cannot find symbol
@AllArgsConstructor
^
  symbol:   class Teacher
  location: class CourseOffering
/home/ubuntu/ltanh/eduCollege/backend/src/main/java/com/educollege/academic/model/CourseOffering.java:20: error: cannot find symbol
@Builder
^
  symbol:   class Teacher
  location: class CourseOfferingBuilder
/home/ubuntu/ltanh/eduCollege/backend/src/main/java/com/educollege/academic/model/Enrollment.java:30: error: cannot find symbol
    private Student student;
            ^
  symbol:   class Student
  location: class Enrollment
/home/ubuntu/ltanh/eduCollege/backend/src/main/java/com/educollege/academic/model/Enrollment.java:30: error: cannot find symbol
    private Student student;
                    ^
  symbol:   class Student
  location: class Enrollment
/home/ubuntu/ltanh/eduCollege/backend/src/main/java/com/educollege/academic/model/Enrollment.java:18: error: cannot find symbol
@Data
^
  symbol:   class Student
  location: class Enrollment
/home/ubuntu/ltanh/eduCollege/backend/src/main/java/com/educollege/academic/model/Enrollment.java:21: error: cannot find symbol
@AllArgsConstructor
^
  symbol:   class Student
  location: class Enrollment
/home/ubuntu/ltanh/eduCollege/backend/src/main/java/com/educollege/academic/model/Enrollment.java:19: error: cannot find symbol
@Builder
^
  symbol:   class Student
  location: class EnrollmentBuilder
/home/ubuntu/ltanh/eduCollege/backend/src/main/java/com/educollege/auth/service/AuthenticationService.java:38: error: cannot find symbol
    private final VietnameseIdService vietnameseIdService;
                  ^
  symbol:   class VietnameseIdService
  location: class AuthenticationService
/home/ubuntu/ltanh/eduCollege/backend/src/main/java/com/educollege/auth/service/AuthenticationService.java:39: error: cannot find symbol
    private final VietnameseAcademicValidationService validationService;
                  ^
  symbol:   class VietnameseAcademicValidationService
  location: class AuthenticationService
/home/ubuntu/ltanh/eduCollege/backend/src/main/java/com/educollege/auth/service/AuthenticationService.java:31: error: cannot find symbol
@RequiredArgsConstructor
^
  symbol:   class VietnameseIdService
  location: class AuthenticationService
34 errors

> Task :compileJava FAILED

FAILURE: Build failed with an exception.

* What went wrong:
Execution failed for task ':compileJava'.
> Compilation failed; see the compiler error output for details.

* Try:
> Run with --info option to get more log output.
> Run with --scan to get full insights.

Deprecated Gradle features were used in this build, making it incompatible with Gradle 9.0.

You can use '--warning-mode all' to show the individual deprecation warnings and determine if they come from your own scripts or plugins.

For more on this, please refer to https://docs.gradle.org/8.9/userguide/command_line_interface.html#sec:command_line_warnings in the Gradle documentation.

BUILD FAILED in 7s
4 actionable tasks: 4 executed
